[2m2026-10-03T12:01:03.437254Z[0m [32m INFO[0m [2mbevy_diagnostic::system_information_diagnostics_plugin::internal[0m[2m:[0m SystemInfo { os: "Linux (Ubuntu 24.04)", kernel: "6.17.0-1022-azure", cpu: "AMD EPYC 7763 64-Core Processor", core_count: "2", memory: "15.6 GiB" }
[2m2026-10-03T12:01:03.437714Z[0m [32m INFO[0m [2mbevy_app::terminal_ctrl_c_handler[0m[2m:[0m Skipping installing `Ctrl+C` handler as one was already installed. Please call `TerminalCtrlCHandlerPlugin::gracefully_exit` in your own `Ctrl+C` handler if you want Bevy to gracefully exit on `Ctrl+C`.
[2m2026-10-03T12:01:03.622427Z[0m [33m WARN[0m [2mwinit::platform_impl::linux::x11::xdisplay[0m[2m:[0m error setting XSETTINGS; Xft options won't reload automatically
[2m2026-10-03T12:01:05.741331Z[0m [32m INFO[0m [2mbevy_render::renderer[0m[2m:[0m AdapterInfo { name: "llvmpipe (LLVM 20.1.2, 256 bits)", vendor: 65541, device: 0, device_type: Cpu, device_pci_bus_id: "", driver: "llvmpipe", driver_info: "Mesa 25.2.8-0ubuntu0.24.04.4 (LLVM 20.1.2)", backend: Vulkan, subgroup_min_size: 8, subgroup_max_size: 8, transient_saves_memory: false }
[2m2026-10-03T12:01:05.741366Z[0m [33m WARN[0m [2mbevy_render::renderer[0m[2m:[0m The selected adapter is using a driver that only supports software rendering. This is likely to be very slow. See https://bevy.org/learn/errors/b0006/
ALSA lib confmisc.c:855:(parse_card) cannot find card '0'
ALSA lib conf.c:5208:(_snd_config_evaluate) function snd_func_card_inum returned error: No such file or directory
ALSA lib confmisc.c:422:(snd_func_concat) error evaluating strings
ALSA lib conf.c:5208:(_snd_config_evaluate) function snd_func_concat returned error: No such file or directory
ALSA lib confmisc.c:1342:(snd_func_refer) error evaluating name
ALSA lib conf.c:5208:(_snd_config_evaluate) function snd_func_refer returned error: No such file or directory
ALSA lib conf.c:5731:(snd_config_expand) Evaluate error: No such file or directory
ALSA lib pcm.c:2721:(snd_pcm_open_noupdate) Unknown PCM default
[2m2026-10-03T12:01:06.670254Z[0m [33m WARN[0m [2mbevy_audio::audio_output[0m[2m:[0m No audio device found.
[2m2026-10-03T12:01:06.687839Z[0m [32m INFO[0m [2mbevy_pbr::cluster[0m[2m:[0m GPU clustering is supported on this device.
[2m2026-10-03T12:01:06.687872Z[0m [32m INFO[0m [2mbevy_render::batching::gpu_preprocessing[0m[2m:[0m GPU preprocessing is fully supported on this device.
[2m2026-10-03T12:01:06.688469Z[0m [32m INFO[0m [2mbevy_winit::system[0m[2m:[0m Creating new window Micrology — volumetric destruction lab (65v0)
[2m2026-10-03T12:01:06.688690Z[0m [33m WARN[0m [2mwinit::platform_impl::linux::x11::util::randr[0m[2m:[0m XRandR reported that the display's 0mm in size, which is certifiably insane
[2m2026-10-03T12:01:06.688747Z[0m [32m INFO[0m [2mwinit::platform_impl::linux::x11::window[0m[2m:[0m Guessed window scale factor: 1
[2m2026-10-03T12:01:08.884193Z[0m [32m INFO[0m [2msandbox::sim_lab[0m[2m:[0m demolition building ready; J capacity, 1–4 cut supports
[2m2026-10-03T12:01:10.747670Z[0m [32m INFO[0m [2msandbox::sim_lab[0m[2m:[0m replay 1: paused
[2m2026-10-03T12:01:12.711882Z[0m [32m INFO[0m [2msandbox::sim_lab[0m[2m:[0m structural capacity true
[2m2026-10-03T12:01:14.826581Z[0m [32m INFO[0m [2msandbox::sim_lab[0m[2m:[0m replay 3: saved demolition_intact
[2m2026-10-03T12:01:16.803248Z[0m [32m INFO[0m [2msandbox::sim_lab[0m[2m:[0m support 0 cut queued
[2m2026-10-03T12:01:18.938379Z[0m [32m INFO[0m [2msandbox::sim_lab[0m[2m:[0m replay 5: saved demolition_one_support
[2m2026-10-03T12:01:20.998651Z[0m [32m INFO[0m [2msandbox::sim_lab[0m[2m:[0m structural capacity false
[2m2026-10-03T12:01:22.942476Z[0m [32m INFO[0m [2msandbox::sim_lab[0m[2m:[0m support 1 cut queued
[2m2026-10-03T12:01:25.041723Z[0m [32m INFO[0m [2msandbox::sim_lab[0m[2m:[0m replay 8: saved demolition_overloaded_off
[2m2026-10-03T12:01:27.038407Z[0m [32m INFO[0m [2msandbox::sim_lab[0m[2m:[0m structural capacity true
[2m2026-10-03T12:01:29.140297Z[0m [32m INFO[0m [2msandbox::sim_lab[0m[2m:[0m replay 10: saved demolition_roof_released
[2m2026-10-03T12:01:31.101398Z[0m [32m INFO[0m [2msandbox::sim_lab[0m[2m:[0m replay 11: contact fracture true
[2m2026-10-03T12:01:33.087641Z[0m [32m INFO[0m [2msandbox::sim_lab[0m[2m:[0m replay 12: queued 120 fixed step(s)
[2m2026-10-03T12:01:43.018636Z[0m [32m INFO[0m [2msandbox::sim_lab[0m[2m:[0m replay 13: saved demolition_roof_impact
[2m2026-10-03T12:01:44.987104Z[0m [32m INFO[0m [2msandbox::sim_lab[0m[2m:[0m holding native fragment f0.0
[2m2026-10-03T12:01:47.041899Z[0m [32m INFO[0m [2msandbox::sim_lab[0m[2m:[0m replay 15: queued 90 fixed step(s)
[2m2026-10-03T12:01:55.590294Z[0m [32m INFO[0m [2msandbox::sim_lab[0m[2m:[0m replay 16: saved demolition_lifted
[2m2026-10-03T12:01:57.659079Z[0m [32m INFO[0m [2msandbox::sim_lab[0m[2m:[0m hold target moved
[2m2026-10-03T12:01:59.657267Z[0m [32m INFO[0m [2msandbox::sim_lab[0m[2m:[0m replay 18: queued 90 fixed step(s)
[2m2026-10-03T12:02:08.820020Z[0m [32m INFO[0m [2msandbox::sim_lab[0m[2m:[0m replay 19: saved demolition_pulled
[2m2026-10-03T12:02:10.747287Z[0m [32m INFO[0m [2msandbox::sim_lab[0m[2m:[0m fragment released
[2m2026-10-03T12:02:12.802815Z[0m [32m INFO[0m [2msandbox::sim_lab[0m[2m:[0m replay 21: queued 90 fixed step(s)
[2m2026-10-03T12:02:21.662166Z[0m [32m INFO[0m [2msandbox::sim_lab[0m[2m:[0m replay 22: saved demolition_slammed
[2m2026-10-03T12:02:23.669087Z[0m [32m INFO[0m [2msandbox::sim_lab[0m[2m:[0m blast queued: 2 bounded targets
[2m2026-10-03T12:02:25.785635Z[0m [32m INFO[0m [2msandbox::sim_lab[0m[2m:[0m replay 24: queued 180 fixed step(s)
[2m2026-10-03T12:02:40.262237Z[0m [32m INFO[0m [2msandbox::sim_lab[0m[2m:[0m replay 25: saved demolition_settled
[2m2026-10-03T12:02:42.277038Z[0m [32m INFO[0m [2msandbox::sim_lab[0m[2m:[0m structural capacity false
[2m2026-10-03T12:02:44.268395Z[0m [32m INFO[0m [2msandbox::sim_lab[0m[2m:[0m replay 27: contact fracture false
[2m2026-10-03T12:02:46.235271Z[0m [32m INFO[0m [2msandbox::sim_lab[0m[2m:[0m replay 28: queued 120 fixed step(s)
[2m2026-10-03T12:02:55.302917Z[0m [32m INFO[0m [2msandbox::sim_lab[0m[2m:[0m replay 29: saved demolition_systems_off
